// Jest Snapshot v1, https://goo.gl/fbAQLP

exports[`test Table Component renders Table Component 1`] = `ReactWrapper {}`;
